[debug] [2026-08-08T06:59:01.099Z] ----------------------------------------------------------------------
[debug] [2026-08-08T06:59:01.100Z] Command:       C:\Program Files\nodejs\node.exe C:\Users\Ankit\AppData\Roaming\npm\node_modules\firebase-tools\lib\bin\firebase.js init
[debug] [2026-08-08T06:59:01.100Z] CLI Version:   15.26.0
[debug] [2026-08-08T06:59:01.101Z] Platform:      win32
[debug] [2026-08-08T06:59:01.101Z] Node Version:  v24.19.0
[debug] [2026-08-08T06:59:01.101Z] Detected Agent: unknown
[debug] [2026-08-08T06:59:01.101Z] Time:          Sat Aug 08 2026 12:29:01 GMT+0530 (India Standard Time)
[debug] [2026-08-08T06:59:01.101Z] ----------------------------------------------------------------------
[debug] 
[info] 
     ######## #### ########  ######## ########     ###     ######  ########
     ##        ##  ##     ## ##       ##     ##  ##   ##  ##       ##
     ######    ##  ########  ######   ########  #########  ######  ######
     ##        ##  ##    ##  ##       ##     ## ##     ##       ## ##
     ##       #### ##     ## ######## ########  ##     ##  ######  ########

You're about to initialize a Firebase project in this directory:

  C:\Users\Ankit\Desktop\netflix-gpt

Before we get started, keep in mind:

  * You are initializing within an existing Firebase project directory

[debug] [2026-08-08T07:00:33.622Z] ----------------------------------------------------------------------
[debug] [2026-08-08T07:00:33.623Z] Command:       C:\Program Files\nodejs\node.exe C:\Users\Ankit\AppData\Roaming\npm\node_modules\firebase-tools\lib\bin\firebase.js init
[debug] [2026-08-08T07:00:33.624Z] CLI Version:   15.26.0
[debug] [2026-08-08T07:00:33.624Z] Platform:      win32
[debug] [2026-08-08T07:00:33.624Z] Node Version:  v24.19.0
[debug] [2026-08-08T07:00:33.624Z] Detected Agent: unknown
[debug] [2026-08-08T07:00:33.624Z] Time:          Sat Aug 08 2026 12:30:33 GMT+0530 (India Standard Time)
[debug] [2026-08-08T07:00:33.624Z] ----------------------------------------------------------------------
[debug] 
[info] 
     ######## #### ########  ######## ########     ###     ######  ########
     ##        ##  ##     ## ##       ##     ##  ##   ##  ##       ##
     ######    ##  ########  ######   ########  #########  ######  ######
     ##        ##  ##    ##  ##       ##     ## ##     ##       ## ##
     ##       #### ##     ## ######## ########  ##     ##  ######  ########

You're about to initialize a Firebase project in this directory:

  C:\Users\Ankit\Desktop\netflix-gpt

Before we get started, keep in mind:

  * You are initializing within an existing Firebase project directory

[debug] [2026-08-08T08:23:01.183Z] ExitPromptError: User force closed the prompt with SIGINT
    at Interface.sigint (C:\Users\Ankit\AppData\Roaming\npm\node_modules\firebase-tools\node_modules\@inquirer\core\dist\commonjs\lib\create-prompt.js:101:37)
    at Interface.emit (node:events:509:28)
    at [_ttyWrite] [as _ttyWrite] (node:internal/readline/interface:1327:18)
    at ReadStream.onkeypress (node:internal/readline/interface:284:20)
    at ReadStream.emit (node:events:521:24)
    at emitKeys (node:internal/readline/utils:371:14)
    at emitKeys.next (<anonymous>)
    at ReadStream.onData (node:internal/readline/emitKeypressEvents:64:36)
    at ReadStream.emit (node:events:509:28)
    at addChunk (node:internal/streams/readable:563:12)
[error] 
[error] Error: An unexpected error has occurred.
